---
source: plinky/linktest/harness/main.rs
---
running exited with exit status: 1

=== stdout ===
Hello world


no stderr present

