---
source: plink/linktest/harness/main.rs
---
linking exited with exit status: 0

=== stdout ===
ElfObject {
    env: ElfEnvironment {
        class: Elf64,
        endian: Little,
        abi: SystemV,
        machine: X86_64,
    },
    type_: Executable,
    entry: Some(
        0x401000,
    ),
    sections: {
        section#0: ElfSection {
            name: section#1:string#0,
            memory_address: 0x0,
            content: Null,
        },
        section#1: ElfSection {
            name: section#1:string#24,
            memory_address: 0x0,
            content: StringTable(
                ElfStringTable {
                    strings: {
                        0x0: "",
                        0x1: ".custom_messages",
                        0x12: ".text",
                        0x18: ".shstrtab",
                    },
                },
            ),
        },
        section#2: ElfSection {
            name: section#1:string#1,
            memory_address: 0x400000,
            content: Program(
                ElfProgramSection {
                    perms: ElfPermissions(R),
                    deduplication: ZeroTerminatedStrings,
                    raw: RawBytes {
                             ?0 ?1 ?2 ?3 ?4 ?5 ?6 ?7 ?8 ?9 ?a ?b ?c ?d ?e ?f   (len: 0x37)
                           +-------------------------------------------------+
                        0? | 48 65 6c 6c 6f 00 20 77 6f 72 6c 64 21 0a 00 47 | Hello. world!..G
                        1? | 6f 6f 64 62 79 65 00 20 77 6f 72 6c 64 21 0a 00 | oodbye. world!..
                        2? | 48 65 6c 6c 6f 00 20 77 6f 72 6c 64 21 0a 00 47 | Hello. world!..G
                        3? | 6f 6f 64 62 79 65 00                            | oodbye.
                    },
                },
            ),
        },
        section#3: ElfSection {
            name: section#1:string#18,
            memory_address: 0x401000,
            content: Program(
                ElfProgramSection {
                    perms: ElfPermissions(RX),
                    deduplication: Disabled,
                    raw: RawBytes {
                             ?0 ?1 ?2 ?3 ?4 ?5 ?6 ?7 ?8 ?9 ?a ?b ?c ?d ?e ?f   (len: 0x69)
                           +-------------------------------------------------+
                        0? | b8 04 00 00 00 bb 01 00 00 00 b9 00 00 40 00 ba | .............@..
                        1? | 05 00 00 00 cd 80 b8 04 00 00 00 bb 01 00 00 00 | ................
                        2? | b9 06 00 40 00 ba 08 00 00 00 cd 80 e9 00 00 00 | ...@............
                        3? | 00 b8 04 00 00 00 bb 01 00 00 00 b9 0f 00 40 00 | ..............@.
                        4? | ba 07 00 00 00 cd 80 b8 04 00 00 00 bb 01 00 00 | ................
                        5? | 00 b9 17 00 40 00 ba 08 00 00 00 cd 80 b8 01 00 | ....@...........
                        6? | 00 00 bb 00 00 00 00 cd 80                      | .........
                    },
                },
            ),
        },
    },
    segments: [
        ElfSegment {
            type_: Load,
            perms: ElfPermissions(R),
            content: [
                Section(
                    section#2,
                ),
            ],
            align: 0x1000,
        },
        ElfSegment {
            type_: Load,
            perms: ElfPermissions(RX),
            content: [
                Section(
                    section#3,
                ),
            ],
            align: 0x1000,
        },
    ],
}


no stderr present

