---
source: plinky_pkg_config/pkgtest/harness.rs
expression: rendered
---
Successfully parsed the file!

Name: :::::::::::::::::::::::::::::::::::::::::::::::::::::::::::::::
