---
source: plinky_pkg_config/pkgtest/harness.rs
expression: rendered
---
Failed to parse the file:

error: undefined variable while resolving field name: hello
