---
source: plink/linktest/harness/main.rs
---
linking exited with exit status: 1

no stdout present

=== stderr ===
error: failed to load ELF object at hello.o
caused by: unknown sections are not supported


