---
source: plinky_test_harness/src/utils.rs
---
linking exited with exit status: 0

no stdout present

=== stderr ===
debug print: loaded object
 │
 │    Symbols:
 │  ╭─────────┬──────┬──────────┬─────────────────┬─────────────╮
 │  │ Name    │ Type │ Source   │ Visibility      │ Value       │
 │  ├─────────┼──────┼──────────┼─────────────────┼─────────────┤
 │  │ <empty> │ none │ <plinky> │ local           │ <null>      │
 │  ├─────────┼──────┼──────────┼─────────────────┼─────────────┤
 │  │ _start  │ none │ foo.o    │ global          │ .text + 0x1 │
 │  ├─────────┼──────┼──────────┼─────────────────┼─────────────┤
 │  │ foo     │ none │ foo.o    │ global (hidden) │ .text + 0x0 │
 │  ╰─────────┴──────┴──────────┴─────────────────┴─────────────╯
 ┴

debug print: built elf
 │
 │  section .symtab (address: 0x0)
 │   │
 │   │    Symbol table:
 │   │  ╭─────────┬─────────┬──────┬────────────┬────────────┬──────────┬──────╮
 │   │  │ Name    │ Binding │ Type │ Visibility │ Definition │ Value    │ Size │
 │   │  ├─────────┼─────────┼──────┼────────────┼────────────┼──────────┼──────┤
 │   │  │ <empty> │ Local   │ -    │ Default    │ Undefined  │ 0x0      │ 0x0  │
 │   │  ├─────────┼─────────┼──────┼────────────┼────────────┼──────────┼──────┤
 │   │  │ foo.S   │ Local   │ File │ Default    │ Absolute   │ 0x0      │ 0x0  │
 │   │  ├─────────┼─────────┼──────┼────────────┼────────────┼──────────┼──────┤
 │   │  │ foo     │ Local   │ -    │ Default    │ .text      │ 0x400000 │ 0x0  │
 │   │  ├─────────┼─────────┼──────┼────────────┼────────────┼──────────┼──────┤
 │   │  │ _start  │ Global  │ -    │ Default    │ .text      │ 0x400001 │ 0x0  │
 │   │  ╰─────────┴─────────┴──────┴────────────┴────────────┴──────────┴──────╯
 │   ┴
 ┴
