---
source: plinky_test_harness/src/utils.rs
---
linking exited with exit status: 0

no stdout present

=== stderr ===
debug print: object after relocations are applied
 │
 │  string table section .dynstr in <plinky>
 │   │
 │   │  symbol names for: dynamic symbol table
 │   │
 │   │    Additional strings:
 │   │  ╭───────────╮
 │   │  │ libfoo.so │
 │   │  ╰───────────╯
 │   ┴
 ┴

debug print: built elf
 │
 │  section .dynstr (address: 0x158)
 │   │
 │   │    Strings table:
 │   │  ╭─────┬───────────╮
 │   │  │ 0x0 │           │
 │   │  ├─────┼───────────┤
 │   │  │ 0x1 │ libfoo.so │
 │   │  ├─────┼───────────┤
 │   │  │ 0xb │           │
 │   │  ├─────┼───────────┤
 │   │  │ 0xc │ hello     │
 │   │  ╰─────┴───────────╯
 │   ┴
 │
 │  section .dynamic (address: 0x1001b6)
 │   │
 │   │  dynamic information | string table: .dynstr
 │   │
 │   │  ╭─────────────────────────┬──────────────────────────────╮
 │   │  │ Kind                    │ Value                        │
 │   │  ├─────────────────────────┼──────────────────────────────┤
 │   │  │ Shared object name      │ offset 1 in the string table │
 │   │  ├─────────────────────────┼──────────────────────────────┤
 │   │  │ String table            │ address 0x158                │
 │   │  ├─────────────────────────┼──────────────────────────────┤
 │   │  │ String table size       │ 18 bytes                     │
 │   │  ├─────────────────────────┼──────────────────────────────┤
 │   │  │ Symbol table            │ address 0x16a                │
 │   │  ├─────────────────────────┼──────────────────────────────┤
 │   │  │ Symbol table entry size │ 24 bytes                     │
 │   │  ├─────────────────────────┼──────────────────────────────┤
 │   │  │ Hash table              │ address 0x19a                │
 │   │  ├─────────────────────────┼──────────────────────────────┤
 │   │  │ Null                    │ -                            │
 │   │  ╰─────────────────────────┴──────────────────────────────╯
 │   ┴
 ┴
