---
source: plinky_test_harness/src/utils.rs
---
linking exited with exit status: 0

no stdout present

=== stderr ===
debug print: loaded object
 │
 │  section .comment#5 (no perms) in test.o
 │   │
 │   │  zero-terminated strings should be deduplicated
 │   │
 │   │  ╭─────────────────────────────────────┬──────────────╮
 │   │  │ 48 65 6c 6c 6f 20 77 6f 72 6c 64 00 │ Hello world. │
 │   │  ╰─────────────────────────────────────┴──────────────╯
 │   ┴
 │
 │  section .comment#9 (no perms) in <plinky>
 │   │
 │   │  zero-terminated strings should be deduplicated
 │   │
 │   │  ╭──────────────────────────────────────────────┬─────────────────╮
 │   │  │ 4c 69 6e 6b 65 72 3a 20 70 6c 69 6e 6b 79 00 │ Linker: plinky. │
 │   │  ╰──────────────────────────────────────────────┴─────────────────╯
 │   ┴
 ┴

debug print: calculated layout
 │
 │    Layout:
 │  ╭──────────────────┬─────────────┬─────────────┬────────────────┬───────────────╮
 │  │ Part             │ File offset │ File length │ Memory address │ Memory length │
 │  ├──────────────────┼─────────────┼─────────────┼────────────────┼───────────────┤
 │  │ <elf header>     │ 0x0         │ 0x40        │ -              │ -             │
 │  ├──────────────────┼─────────────┼─────────────┼────────────────┼───────────────┤
 │  │ <program header> │ 0x40        │ 0x70        │ -              │ -             │
 │  ├──────────────────┼─────────────┼─────────────┼────────────────┼───────────────┤
 │  │ <section header> │ 0xb0        │ 0x180       │ -              │ -             │
 │  ├──────────────────┼─────────────┼─────────────┼────────────────┼───────────────┤
 │  │ .shstrtab#0      │ 0x230       │ 0x2a        │ -              │ -             │
 │  ├──────────────────┼─────────────┼─────────────┼────────────────┼───────────────┤
 │  │ .strtab#10       │ 0x25a       │ 0x9         │ -              │ -             │
 │  ├──────────────────┼─────────────┼─────────────┼────────────────┼───────────────┤
 │  │ .symtab#11       │ 0x263       │ 0x30        │ -              │ -             │
 │  ├──────────────────┼─────────────┼─────────────┼────────────────┼───────────────┤
 │  │ .comment#12      │ 0x293       │ 0x1b        │ -              │ -             │
 │  ├──────────────────┼─────────────┼─────────────┼────────────────┼───────────────┤
 │  │ <padding>        │ 0x2ae       │ 0xd52       │ -              │ -             │
 │  ├──────────────────┼─────────────┼─────────────┼────────────────┼───────────────┤
 │  │ .text#2          │ 0x1000      │ 0x1         │ 0x400000       │ 0x1           │
 │  ╰──────────────────┴─────────────┴─────────────┴────────────────┴───────────────╯
 │
 │    Segments:
 │  ╭──────────┬────────┬───────────┬───────┬─────────╮
 │  │ Start    │ Align  │ Type      │ Perms │ Content │
 │  ├──────────┼────────┼───────────┼───────┼─────────┤
 │  │ -        │ 0x1    │ GNU stack │ RW    │         │
 │  ├──────────┼────────┼───────────┼───────┼─────────┤
 │  │ 0x400000 │ 0x1000 │ program   │ RX    │ .text#2 │
 │  ╰──────────┴────────┴───────────┴───────┴─────────╯
 │
 │    deduplication facade .comment#5 in test.o
 │  ╭──────┬───────────────────╮
 │  │ From │ To                │
 │  ├──────┼───────────────────┤
 │  │ 0x0  │ .comment#12 + 0x0 │
 │  ╰──────┴───────────────────╯
 │
 │    deduplication facade .comment#9 in <plinky>
 │  ╭──────┬───────────────────╮
 │  │ From │ To                │
 │  ├──────┼───────────────────┤
 │  │ 0x0  │ .comment#12 + 0xc │
 │  ╰──────┴───────────────────╯
 ┴

debug print: built elf
 │
 │  section .comment#5 (address: 0x0)
 │   │
 │   │  program data | permissions: -   | deduplicating zero-terminated strings
 │   │
 │   │  ╭─────────────────────────────────────────────────┬──────────────────╮
 │   │  │ 48 65 6c 6c 6f 20 77 6f 72 6c 64 00 4c 69 6e 6b │ Hello world.Link │
 │   │  │ 65 72 3a 20 70 6c 69 6e 6b 79 00                │ er: plinky.      │
 │   │  ╰─────────────────────────────────────────────────┴──────────────────╯
 │   ┴
 ┴



