---
source: plinky_test_harness/src/utils.rs
---
linking exited with exit status: 0

no stdout present

=== stderr ===
debug print: loaded object
 │
 │  section .comment#0 (no perms) in test.o
 │   │
 │   │  zero-terminated strings should be deduplicated
 │   │
 │   │  ╭─────────────────────────────────────┬──────────────╮
 │   │  │ 48 65 6c 6c 6f 20 77 6f 72 6c 64 00 │ Hello world. │
 │   │  ╰─────────────────────────────────────┴──────────────╯
 │   ┴
 │
 │  section .comment#1 (no perms) in <plinky>
 │   │
 │   │  zero-terminated strings should be deduplicated
 │   │
 │   │  ╭──────────────────────────────────────────────┬─────────────────╮
 │   │  │ 4c 69 6e 6b 65 72 3a 20 70 6c 69 6e 6b 79 00 │ Linker: plinky. │
 │   │  ╰──────────────────────────────────────────────┴─────────────────╯
 │   ┴
 ┴

debug print: calculated layout
 │
 │    Layout:
 │  ╭────────────────────┬─────────────┬─────────────┬────────────────┬───────────────╮
 │  │ Part               │ File offset │ File length │ Memory address │ Memory length │
 │  ├────────────────────┼─────────────┼─────────────┼────────────────┼───────────────┤
 │  │ <elf header>       │ 0x0         │ 0x40        │ -              │ -             │
 │  ├────────────────────┼─────────────┼─────────────┼────────────────┼───────────────┤
 │  │ <program header>   │ 0x40        │ 0xe0        │ -              │ -             │
 │  ├────────────────────┼─────────────┼─────────────┼────────────────┼───────────────┤
 │  │ <section header>   │ 0x120       │ 0x1c0       │ -              │ -             │
 │  ├────────────────────┼─────────────┼─────────────┼────────────────┼───────────────┤
 │  │ .shstrtab          │ 0x2e0       │ 0x3d        │ -              │ -             │
 │  ├────────────────────┼─────────────┼─────────────┼────────────────┼───────────────┤
 │  │ .strtab            │ 0x31d       │ 0x9         │ -              │ -             │
 │  ├────────────────────┼─────────────┼─────────────┼────────────────┼───────────────┤
 │  │ .symtab            │ 0x326       │ 0x30        │ -              │ -             │
 │  ├────────────────────┼─────────────┼─────────────┼────────────────┼───────────────┤
 │  │ .comment#0         │ 0x356       │ 0x1b        │ -              │ -             │
 │  ├────────────────────┼─────────────┼─────────────┼────────────────┼───────────────┤
 │  │ <padding>          │ 0x371       │ 0xc8f       │ -              │ -             │
 │  ├────────────────────┼─────────────┼─────────────┼────────────────┼───────────────┤
 │  │ .text              │ 0x1000      │ 0x1         │ 0x400000       │ 0x1           │
 │  ├────────────────────┼─────────────┼─────────────┼────────────────┼───────────────┤
 │  │ <padding>          │ 0x1001      │ 0x7         │ -              │ -             │
 │  ├────────────────────┼─────────────┼─────────────┼────────────────┼───────────────┤
 │  │ .note.gnu.property │ 0x1008      │ 0x30        │ 0x400008       │ 0x30          │
 │  ╰────────────────────┴─────────────┴─────────────┴────────────────┴───────────────╯
 │
 │    Segments:
 │  ╭──────────┬────────┬──────────────┬───────┬────────────────────╮
 │  │ Start    │ Align  │ Type         │ Perms │ Content            │
 │  ├──────────┼────────┼──────────────┼───────┼────────────────────┤
 │  │ 0x400000 │ 0x1000 │ program      │ RX    │ .text              │
 │  ├──────────┼────────┼──────────────┼───────┼────────────────────┤
 │  │ -        │ 0x1    │ GNU stack    │ RW    │                    │
 │  ├──────────┼────────┼──────────────┼───────┼────────────────────┤
 │  │ 0x400008 │ 0x8    │ GNU property │ R     │ .note.gnu.property │
 │  ├──────────┼────────┼──────────────┼───────┼────────────────────┤
 │  │ 0x400008 │ 0x8    │ notes        │ R     │ .note.gnu.property │
 │  ╰──────────┴────────┴──────────────┴───────┴────────────────────╯
 │
 │    deduplication facade .comment#1 in test.o
 │  ╭──────┬──────────────────╮
 │  │ From │ To               │
 │  ├──────┼──────────────────┤
 │  │ 0x0  │ .comment#0 + 0x0 │
 │  ╰──────┴──────────────────╯
 │
 │    deduplication facade .comment#2 in <plinky>
 │  ╭──────┬──────────────────╮
 │  │ From │ To               │
 │  ├──────┼──────────────────┤
 │  │ 0x0  │ .comment#0 + 0xc │
 │  ╰──────┴──────────────────╯
 ┴

debug print: built elf
 │
 │  section .comment (address: 0x0)
 │   │
 │   │  program data | permissions: -   | deduplicating zero-terminated strings
 │   │
 │   │  ╭─────────────────────────────────────────────────┬──────────────────╮
 │   │  │ 48 65 6c 6c 6f 20 77 6f 72 6c 64 00 4c 69 6e 6b │ Hello world.Link │
 │   │  │ 65 72 3a 20 70 6c 69 6e 6b 79 00                │ er: plinky.      │
 │   │  ╰─────────────────────────────────────────────────┴──────────────────╯
 │   ┴
 ┴
