---
source: plinky_test_harness/src/utils.rs
---
reading ELF exited with exit status: 0

=== stdout ===
section .hash#1 (address: 0x114)
 │
 │  Hash table for .dynsym#2
 │
 │    Content:
 │  ╭───────────┬───────────────────╮
 │  │ Bucket ID │ Symbols in bucket │
 │  ├───────────┼───────────────────┤
 │  │ 0         │ c#9               │
 │  │           │ i#8               │
 │  │           │ l#6               │
 │  │           │ f#4               │
 │  ├───────────┼───────────────────┤
 │  │ 1         │ m#14              │
 │  │           │ a#12              │
 │  │           │ d#10              │
 │  │           │ g#5               │
 │  │           │ j#2               │
 │  ├───────────┼───────────────────┤
 │  │ 2         │ e#13              │
 │  │           │ h#11              │
 │  │           │ k#7               │
 │  │           │ n#3               │
 │  │           │ b#1               │
 │  ╰───────────┴───────────────────╯
 ┴

section .dynsym#2 (address: 0x164)
 │
 │    Dynamic symbol table:
 │  ╭──────┬─────────┬──────────┬────────────┬────────────┬────────┬──────╮
 │  │ Name │ Binding │ Type     │ Visibility │ Definition │ Value  │ Size │
 │  ├──────┼─────────┼──────────┼────────────┼────────────┼────────┼──────┤
 │  │ #0   │ Local   │ -        │ Default    │ Undefined  │ 0x0    │ 0x0  │
 │  ├──────┼─────────┼──────────┼────────────┼────────────┼────────┼──────┤
 │  │ b#1  │ Global  │ Function │ Default    │ .text#4    │ 0x1010 │ 0x10 │
 │  ├──────┼─────────┼──────────┼────────────┼────────────┼────────┼──────┤
 │  │ j#2  │ Global  │ Function │ Default    │ .text#4    │ 0x1090 │ 0x10 │
 │  ├──────┼─────────┼──────────┼────────────┼────────────┼────────┼──────┤
 │  │ n#3  │ Global  │ Function │ Default    │ .text#4    │ 0x10d0 │ 0x10 │
 │  ├──────┼─────────┼──────────┼────────────┼────────────┼────────┼──────┤
 │  │ f#4  │ Global  │ Function │ Default    │ .text#4    │ 0x1050 │ 0x10 │
 │  ├──────┼─────────┼──────────┼────────────┼────────────┼────────┼──────┤
 │  │ g#5  │ Global  │ Function │ Default    │ .text#4    │ 0x1060 │ 0x10 │
 │  ├──────┼─────────┼──────────┼────────────┼────────────┼────────┼──────┤
 │  │ l#6  │ Global  │ Function │ Default    │ .text#4    │ 0x10b0 │ 0x10 │
 │  ├──────┼─────────┼──────────┼────────────┼────────────┼────────┼──────┤
 │  │ k#7  │ Global  │ Function │ Default    │ .text#4    │ 0x10a0 │ 0x10 │
 │  ├──────┼─────────┼──────────┼────────────┼────────────┼────────┼──────┤
 │  │ i#8  │ Global  │ Function │ Default    │ .text#4    │ 0x1080 │ 0x10 │
 │  ├──────┼─────────┼──────────┼────────────┼────────────┼────────┼──────┤
 │  │ c#9  │ Global  │ Function │ Default    │ .text#4    │ 0x1020 │ 0x10 │
 │  ├──────┼─────────┼──────────┼────────────┼────────────┼────────┼──────┤
 │  │ d#10 │ Global  │ Function │ Default    │ .text#4    │ 0x1030 │ 0x10 │
 │  ├──────┼─────────┼──────────┼────────────┼────────────┼────────┼──────┤
 │  │ h#11 │ Global  │ Function │ Default    │ .text#4    │ 0x1070 │ 0x10 │
 │  ├──────┼─────────┼──────────┼────────────┼────────────┼────────┼──────┤
 │  │ a#12 │ Global  │ Function │ Default    │ .text#4    │ 0x1000 │ 0x10 │
 │  ├──────┼─────────┼──────────┼────────────┼────────────┼────────┼──────┤
 │  │ e#13 │ Global  │ Function │ Default    │ .text#4    │ 0x1040 │ 0x10 │
 │  ├──────┼─────────┼──────────┼────────────┼────────────┼────────┼──────┤
 │  │ m#14 │ Global  │ Function │ Default    │ .text#4    │ 0x10c0 │ 0x10 │
 │  ╰──────┴─────────┴──────────┴────────────┴────────────┴────────┴──────╯
 ┴

no stderr present
