---
source: plink_elf/tests/snapshot.rs
---
ElfObject {
    env: ElfEnvironment {
        class: Elf64,
        endian: Little,
        abi: SystemV,
        machine: X86_64,
    },
    type_: Executable,
    entry: Some(
        0x401000,
    ),
    flags: 0x0,
    sections: {
        "#0 ": ElfSection {
            name: "",
            memory_address: 0x0,
            content: Null,
        },
        "#1 .text": ElfSection {
            name: ".text",
            memory_address: 0x401000,
            content: Program(
                ElfProgramSection {
                    writeable: false,
                    allocated: true,
                    executable: true,
                    raw: RawBytes {
                        b8 04 00 00 00 bb 01 00 00 00 b9 00 20 40 00 ba 0d 00 00 00 cd 80 b8 04 00 | ............ @...........
                        00 00 bb 01 00 00 00 b9 0d 20 40 00 ba 0f 00 00 00 cd 80 b0 01 bb 00 00 00 | ......... @..............
                        00 cd 80                                                                   | ...
                        (len: 0x35)
                    },
                },
            ),
        },
        "#2 .data": ElfSection {
            name: ".data",
            memory_address: 0x402000,
            content: Program(
                ElfProgramSection {
                    writeable: true,
                    allocated: true,
                    executable: false,
                    raw: RawBytes {
                        48 65 6c 6c 6f 20 77 6f 72 6c 64 21 0a 47 6f 6f 64 62 79 65 20 77 6f 72 6c | Hello world!.Goodbye worl
                        64 21 0a                                                                   | d!.
                        (len: 0x1c)
                    },
                },
            ),
        },
        "#3 .symtab": ElfSection {
            name: ".symtab",
            memory_address: 0x0,
            content: SymbolTable(
                ElfSymbolTable {
                    symbols: {
                        "#00 <empty>": ElfSymbol {
                            name: "",
                            binding: Local,
                            type_: NoType,
                            definition: Undefined,
                            value: 0x0,
                            size: 0x0,
                        },
                        "#01 tests/snapshot/hello_asm.S": ElfSymbol {
                            name: "tests/snapshot/hello_asm.S",
                            binding: Local,
                            type_: File,
                            definition: Absolute,
                            value: 0x0,
                            size: 0x0,
                        },
                        "#02 msg_hello": ElfSymbol {
                            name: "msg_hello",
                            binding: Local,
                            type_: NoType,
                            definition: Section(
                                "#2 .data",
                            ),
                            value: 0x402000,
                            size: 0x0,
                        },
                        "#03 len_hello": ElfSymbol {
                            name: "len_hello",
                            binding: Local,
                            type_: NoType,
                            definition: Absolute,
                            value: 0xd,
                            size: 0x0,
                        },
                        "#04 msg_goodbye": ElfSymbol {
                            name: "msg_goodbye",
                            binding: Local,
                            type_: NoType,
                            definition: Section(
                                "#2 .data",
                            ),
                            value: 0x40200d,
                            size: 0x0,
                        },
                        "#05 len_goodbye": ElfSymbol {
                            name: "len_goodbye",
                            binding: Local,
                            type_: NoType,
                            definition: Absolute,
                            value: 0xf,
                            size: 0x0,
                        },
                        "#06 _start": ElfSymbol {
                            name: "_start",
                            binding: Global,
                            type_: NoType,
                            definition: Section(
                                "#1 .text",
                            ),
                            value: 0x401000,
                            size: 0x0,
                        },
                        "#07 __bss_start": ElfSymbol {
                            name: "__bss_start",
                            binding: Global,
                            type_: NoType,
                            definition: Section(
                                "#2 .data",
                            ),
                            value: 0x40201c,
                            size: 0x0,
                        },
                        "#08 _edata": ElfSymbol {
                            name: "_edata",
                            binding: Global,
                            type_: NoType,
                            definition: Section(
                                "#2 .data",
                            ),
                            value: 0x40201c,
                            size: 0x0,
                        },
                        "#09 _end": ElfSymbol {
                            name: "_end",
                            binding: Global,
                            type_: NoType,
                            definition: Section(
                                "#2 .data",
                            ),
                            value: 0x402020,
                            size: 0x0,
                        },
                    },
                },
            ),
        },
        "#4 .strtab": ElfSection {
            name: ".strtab",
            memory_address: 0x0,
            content: StringTable(
                ElfStringTable {
                    strings: {
                        0x0: "",
                        0x1: "tests/snapshot/hello_asm.S",
                        0x1c: "msg_hello",
                        0x26: "len_hello",
                        0x30: "msg_goodbye",
                        0x3c: "len_goodbye",
                        0x48: "__bss_start",
                        0x54: "_edata",
                        0x5b: "_end",
                    },
                },
            ),
        },
        "#5 .shstrtab": ElfSection {
            name: ".shstrtab",
            memory_address: 0x0,
            content: StringTable(
                ElfStringTable {
                    strings: {
                        0x0: "",
                        0x1: ".symtab",
                        0x9: ".strtab",
                        0x11: ".shstrtab",
                        0x1b: ".text",
                        0x21: ".data",
                    },
                },
            ),
        },
    },
    segments: [
        ElfSegment {
            content: Unknown {
                id: 0x1,
                raw: RawBytes {
                    7f 45 4c 46 02 01 01 00 00 00 00 00 00 00 00 00 02 00 3e 00 01 00 00 00 00 | .ELF..............>......
                    10 40 00 00 00 00 00 40 00 00 00 00 00 00 00 98 21 00 00 00 00 00 00 00 00 | .@.....@........!........
                    00 00 40 00 38 00 03 00 40 00 06 00 05 00 01 00 00 00 04 00 00 00 00 00 00 | ..@.8...@................
                    00 00 00 00 00 00 00 40 00 00 00 00 00 00 00 40 00 00 00 00 00 e8 00 00 00 | .......@.......@.........
                    00 00 00 00 e8 00 00 00 00 00 00 00 00 10 00 00 00 00 00 00 01 00 00 00 05 | .........................
                    00 00 00 00 10 00 00 00 00 00 00 00 10 40 00 00 00 00 00 00 10 40 00 00 00 | .............@.......@...
                    00 00 35 00 00 00 00 00 00 00 35 00 00 00 00 00 00 00 00 10 00 00 00 00 00 | ..5.......5..............
                    00 01 00 00 00 06 00 00 00 00 20 00 00 00 00 00 00 00 20 40 00 00 00 00 00 | .......... ....... @.....
                    00 20 40 00 00 00 00 00 1c 00 00 00 00 00 00 00 1c 00 00 00 00 00 00 00 00 | . @......................
                    10 00 00 00 00 00 00                                                       | .......
                    (len: 0xe8)
                },
            },
        },
        ElfSegment {
            content: Unknown {
                id: 0x1,
                raw: RawBytes {
                    b8 04 00 00 00 bb 01 00 00 00 b9 00 20 40 00 ba 0d 00 00 00 cd 80 b8 04 00 | ............ @...........
                    00 00 bb 01 00 00 00 b9 0d 20 40 00 ba 0f 00 00 00 cd 80 b0 01 bb 00 00 00 | ......... @..............
                    00 cd 80                                                                   | ...
                    (len: 0x35)
                },
            },
        },
        ElfSegment {
            content: Unknown {
                id: 0x1,
                raw: RawBytes {
                    48 65 6c 6c 6f 20 77 6f 72 6c 64 21 0a 47 6f 6f 64 62 79 65 20 77 6f 72 6c | Hello world!.Goodbye worl
                    64 21 0a                                                                   | d!.
                    (len: 0x1c)
                },
            },
        },
    ],
}
