---
source: plinky/linktest/harness/tests.rs
---
linking exited with exit status: 0

no stdout present

=== stderr ===
debug print: loaded object
 │
 │  class: Elf64, endian: Little, abi: SystemV, machine: X86_64, .note.GNU-stack sections ignored
 ┴



