---
source: plinky_test_harness/src/utils.rs
---
linking exited with exit status: 0

no stdout present

=== stderr ===
debug print: loaded object
 │
 │  inputs
 │   │
 │   │    hello-world.o
 │   │  ╭─────────────────────┬───────╮
 │   │  │ Property            │ Value │
 │   │  ├─────────────────────┼───────┤
 │   │  │ X86 ISA used        │       │
 │   │  │ x86 features 2 used │ x86   │
 │   │  ╰─────────────────────┴───────╯
 │   │
 │   │  dir.shared_object/libsyscalls.so (shared object libsyscalls.so)
 │   ┴
 ┴

debug print: built elf
 │
 │  section .dynamic (address: 0x400363)
 │   │
 │   │  dynamic information | string table: .dynstr
 │   │
 │   │  ╭─────────────────────────┬────────────────────────────╮
 │   │  │ Kind                    │ Value                      │
 │   │  ├─────────────────────────┼────────────────────────────┤
 │   │  │ Needed libraries        │ string 0x1: libsyscalls.so │
 │   │  │ String table            │ address 0x4002c3           │
 │   │  │ String table size       │ 28 bytes                   │
 │   │  │ Symbol table            │ address 0x4002df           │
 │   │  │ Symbol table entry size │ 24 bytes                   │
 │   │  │ Hash table              │ address 0x400327           │
 │   │  │ GNU hash table          │ address 0x40033f           │
 │   │  │ Jump PLT relocations    │ address 0x400423           │
 │   │  │ PLT relocations size    │ 48 bytes                   │
 │   │  │ PLT relocations type    │ RelocationsA               │
 │   │  │ PLT GOT                 │ address 0x403000           │
 │   │  │ Null                    │ -                          │
 │   │  ╰─────────────────────────┴────────────────────────────╯
 │   ┴
 ┴

==============

running exited with exit status: 0

=== stdout ===
Hello world

no stderr present
