---
source: plinky_elf/tests/snapshot.rs
---
  Metadata:
╭────────────┬─────────────╮
│ Class      │ ELF 64bit   │
├────────────┼─────────────┤
│ Endian     │ Little      │
├────────────┼─────────────┤
│ ABI        │ System V    │
├────────────┼─────────────┤
│ Machine    │ x86-64      │
├────────────┼─────────────┤
│ Type       │ Relocatable │
├────────────┼─────────────┤
│ Entrypoint │ -           │
╰────────────┴─────────────╯

section #0 (address: 0x0)
 │
 │  empty section
 ┴

section .text#1 (address: 0x0)
 │
 │  program data | permissions: R X
 │
 │  ╭─────────────────────────────────────────────────┬──────────────────╮
 │  │ b8 04 00 00 00 bb 01 00 00 00 b9 00 00 00 00 ba │ ................ │
 │  │ 0d 00 00 00 cd 80 b8 04 00 00 00 bb 01 00 00 00 │ ................ │
 │  │ b9 00 00 00 00 ba 0f 00 00 00 cd 80 b0 01 bb 00 │ ................ │
 │  │ 00 00 00 cd 80                                  │ .....            │
 │  ╰─────────────────────────────────────────────────┴──────────────────╯
 ┴

section .rela.text#2 (address: 0x0)
 │
 │  symbol table:       .symtab#5
 │  applies to section: .text#1
 │
 │    Relocations:
 │  ╭───────────┬────────┬────────┬────────╮
 │  │ Type      │ Symbol │ Offset │ Addend │
 │  ├───────────┼────────┼────────┼────────┤
 │  │ X86_64_32 │ #2     │ 0xb    │ 0x0    │
 │  ├───────────┼────────┼────────┼────────┤
 │  │ X86_64_32 │ #2     │ 0x21   │ 0xd    │
 │  ╰───────────┴────────┴────────┴────────╯
 ┴

section .data#3 (address: 0x0)
 │
 │  program data | permissions: RW
 │
 │  ╭─────────────────────────────────────────────────┬──────────────────╮
 │  │ 48 65 6c 6c 6f 20 77 6f 72 6c 64 21 0a 47 6f 6f │ Hello world!.Goo │
 │  │ 64 62 79 65 20 77 6f 72 6c 64 21 0a             │ dbye world!.     │
 │  ╰─────────────────────────────────────────────────┴──────────────────╯
 ┴

section .bss#4 (address: 0x0)
 │
 │  uninitialized | len: 0x8 | permissions: RW 
 ┴

section .symtab#5 (address: 0x0)
 │
 │    Symbol table:
 │  ╭───────────────┬─────────┬─────────┬────────────┬───────┬──────╮
 │  │ Name          │ Binding │ Type    │ Definition │ Value │ Size │
 │  ├───────────────┼─────────┼─────────┼────────────┼───────┼──────┤
 │  │ #0            │ Local   │ -       │ Undefined  │ 0x0   │ 0x0  │
 │  ├───────────────┼─────────┼─────────┼────────────┼───────┼──────┤
 │  │ hello_asm.S#1 │ Local   │ File    │ Absolute   │ 0x0   │ 0x0  │
 │  ├───────────────┼─────────┼─────────┼────────────┼───────┼──────┤
 │  │ #2            │ Local   │ Section │ .data#3    │ 0x0   │ 0x0  │
 │  ├───────────────┼─────────┼─────────┼────────────┼───────┼──────┤
 │  │ msg_hello#3   │ Local   │ -       │ .data#3    │ 0x0   │ 0x0  │
 │  ├───────────────┼─────────┼─────────┼────────────┼───────┼──────┤
 │  │ len_hello#4   │ Local   │ -       │ Absolute   │ 0xd   │ 0x0  │
 │  ├───────────────┼─────────┼─────────┼────────────┼───────┼──────┤
 │  │ msg_goodbye#5 │ Local   │ -       │ .data#3    │ 0xd   │ 0x0  │
 │  ├───────────────┼─────────┼─────────┼────────────┼───────┼──────┤
 │  │ len_goodbye#6 │ Local   │ -       │ Absolute   │ 0xf   │ 0x0  │
 │  ├───────────────┼─────────┼─────────┼────────────┼───────┼──────┤
 │  │ uninit#7      │ Local   │ Object  │ .bss#4     │ 0x0   │ 0x8  │
 │  ├───────────────┼─────────┼─────────┼────────────┼───────┼──────┤
 │  │ _start#8      │ Global  │ -       │ .text#1    │ 0x0   │ 0x0  │
 │  ╰───────────────┴─────────┴─────────┴────────────┴───────┴──────╯
 ┴

section .strtab#6 (address: 0x0)
 │
 │    Strings table:
 │  ╭──────┬─────────────╮
 │  │ 0x0  │             │
 │  ├──────┼─────────────┤
 │  │ 0x1  │ hello_asm.S │
 │  ├──────┼─────────────┤
 │  │ 0xd  │ msg_hello   │
 │  ├──────┼─────────────┤
 │  │ 0x17 │ len_hello   │
 │  ├──────┼─────────────┤
 │  │ 0x21 │ msg_goodbye │
 │  ├──────┼─────────────┤
 │  │ 0x2d │ len_goodbye │
 │  ├──────┼─────────────┤
 │  │ 0x39 │ uninit      │
 │  ├──────┼─────────────┤
 │  │ 0x40 │ _start      │
 │  ╰──────┴─────────────╯
 ┴

section .shstrtab#7 (address: 0x0)
 │
 │    Strings table:
 │  ╭──────┬────────────╮
 │  │ 0x0  │            │
 │  ├──────┼────────────┤
 │  │ 0x1  │ .symtab    │
 │  ├──────┼────────────┤
 │  │ 0x9  │ .strtab    │
 │  ├──────┼────────────┤
 │  │ 0x11 │ .shstrtab  │
 │  ├──────┼────────────┤
 │  │ 0x1b │ .rela.text │
 │  ├──────┼────────────┤
 │  │ 0x26 │ .data      │
 │  ├──────┼────────────┤
 │  │ 0x2c │ .bss       │
 │  ╰──────┴────────────╯
 ┴

No segments in the ELF file.
