---
source: plinky_elf/tests/snapshot.rs
---
  Metadata:
╭────────────┬────────────╮
│ Class      │ ELF 64bit  │
├────────────┼────────────┤
│ Endian     │ Little     │
├────────────┼────────────┤
│ ABI        │ System V   │
├────────────┼────────────┤
│ Machine    │ x86-64     │
├────────────┼────────────┤
│ Type       │ Executable │
├────────────┼────────────┤
│ Entrypoint │ 0x401000   │
╰────────────┴────────────╯

section #0 (address: 0x0)
 │
 │  empty section
 ┴

section .text#1 (address: 0x401000)
 │
 │  program data | permissions: R X
 │
 │  ╭─────────────────────────────────────────────────┬──────────────────╮
 │  │ b8 04 00 00 00 bb 01 00 00 00 b9 00 20 40 00 ba │ ............ @.. │
 │  │ 0d 00 00 00 cd 80 b8 04 00 00 00 bb 01 00 00 00 │ ................ │
 │  │ b9 0d 20 40 00 ba 0f 00 00 00 cd 80 b0 01 bb 00 │ .. @............ │
 │  │ 00 00 00 cd 80                                  │ .....            │
 │  ╰─────────────────────────────────────────────────┴──────────────────╯
 ┴

section .data#2 (address: 0x402000)
 │
 │  program data | permissions: RW
 │
 │  ╭─────────────────────────────────────────────────┬──────────────────╮
 │  │ 48 65 6c 6c 6f 20 77 6f 72 6c 64 21 0a 47 6f 6f │ Hello world!.Goo │
 │  │ 64 62 79 65 20 77 6f 72 6c 64 21 0a             │ dbye world!.     │
 │  ╰─────────────────────────────────────────────────┴──────────────────╯
 ┴

section .bss#3 (address: 0x402020)
 │
 │  uninitialized | len: 0x8 | permissions: RW 
 ┴

section .symtab#4 (address: 0x0)
 │
 │    Symbol table:
 │  ╭───────────────┬─────────┬────────┬────────────┬──────────┬──────╮
 │  │ Name          │ Binding │ Type   │ Definition │ Value    │ Size │
 │  ├───────────────┼─────────┼────────┼────────────┼──────────┼──────┤
 │  │ #0            │ Local   │ -      │ Undefined  │ 0x0      │ 0x0  │
 │  ├───────────────┼─────────┼────────┼────────────┼──────────┼──────┤
 │  │ hello_asm.S#1 │ Local   │ File   │ Absolute   │ 0x0      │ 0x0  │
 │  ├───────────────┼─────────┼────────┼────────────┼──────────┼──────┤
 │  │ msg_hello#2   │ Local   │ -      │ .data#2    │ 0x402000 │ 0x0  │
 │  ├───────────────┼─────────┼────────┼────────────┼──────────┼──────┤
 │  │ len_hello#3   │ Local   │ -      │ Absolute   │ 0xd      │ 0x0  │
 │  ├───────────────┼─────────┼────────┼────────────┼──────────┼──────┤
 │  │ msg_goodbye#4 │ Local   │ -      │ .data#2    │ 0x40200d │ 0x0  │
 │  ├───────────────┼─────────┼────────┼────────────┼──────────┼──────┤
 │  │ len_goodbye#5 │ Local   │ -      │ Absolute   │ 0xf      │ 0x0  │
 │  ├───────────────┼─────────┼────────┼────────────┼──────────┼──────┤
 │  │ uninit#6      │ Local   │ Object │ .bss#3     │ 0x402020 │ 0x8  │
 │  ├───────────────┼─────────┼────────┼────────────┼──────────┼──────┤
 │  │ _start#7      │ Global  │ -      │ .text#1    │ 0x401000 │ 0x0  │
 │  ├───────────────┼─────────┼────────┼────────────┼──────────┼──────┤
 │  │ __bss_start#8 │ Global  │ -      │ .bss#3     │ 0x40201c │ 0x0  │
 │  ├───────────────┼─────────┼────────┼────────────┼──────────┼──────┤
 │  │ _edata#9      │ Global  │ -      │ .data#2    │ 0x40201c │ 0x0  │
 │  ├───────────────┼─────────┼────────┼────────────┼──────────┼──────┤
 │  │ _end#10       │ Global  │ -      │ .bss#3     │ 0x402028 │ 0x0  │
 │  ╰───────────────┴─────────┴────────┴────────────┴──────────┴──────╯
 ┴

section .strtab#5 (address: 0x0)
 │
 │    Strings table:
 │  ╭──────┬─────────────╮
 │  │ 0x0  │             │
 │  ├──────┼─────────────┤
 │  │ 0x1  │ hello_asm.S │
 │  ├──────┼─────────────┤
 │  │ 0xd  │ msg_hello   │
 │  ├──────┼─────────────┤
 │  │ 0x17 │ len_hello   │
 │  ├──────┼─────────────┤
 │  │ 0x21 │ msg_goodbye │
 │  ├──────┼─────────────┤
 │  │ 0x2d │ len_goodbye │
 │  ├──────┼─────────────┤
 │  │ 0x39 │ uninit      │
 │  ├──────┼─────────────┤
 │  │ 0x40 │ __bss_start │
 │  ├──────┼─────────────┤
 │  │ 0x4c │ _edata      │
 │  ├──────┼─────────────┤
 │  │ 0x53 │ _end        │
 │  ╰──────┴─────────────╯
 ┴

section .shstrtab#6 (address: 0x0)
 │
 │    Strings table:
 │  ╭──────┬───────────╮
 │  │ 0x0  │           │
 │  ├──────┼───────────┤
 │  │ 0x1  │ .symtab   │
 │  ├──────┼───────────┤
 │  │ 0x9  │ .strtab   │
 │  ├──────┼───────────┤
 │  │ 0x11 │ .shstrtab │
 │  ├──────┼───────────┤
 │  │ 0x1b │ .text     │
 │  ├──────┼───────────┤
 │  │ 0x21 │ .data     │
 │  ├──────┼───────────┤
 │  │ 0x27 │ .bss      │
 │  ╰──────┴───────────╯
 ┴

  Segments:
╭───────────┬───────┬──────────┬───────────────────────────────────────────────────────╮
│ Type      │ Perms │ Aligment │ Content                                               │
├───────────┼───────┼──────────┼───────────────────────────────────────────────────────┤
│ Load      │ R     │ 0x1000   │ file: 0x0 (len: 0x120), memory: 0x400000 (len: 0x120) │
├───────────┼───────┼──────────┼───────────────────────────────────────────────────────┤
│ Load      │ R X   │ 0x1000   │ .text#1                                               │
├───────────┼───────┼──────────┼───────────────────────────────────────────────────────┤
│ Load      │ RW    │ 0x1000   │ .data#2                                               │
├───────────┼───────┼──────────┼───────────────────────────────────────────────────────┤
│ GNU stack │ RW    │ 0x10     │ -                                                     │
╰───────────┴───────┴──────────┴───────────────────────────────────────────────────────╯
