---
source: plinky_diagnostics/src/widgets/table.rs
expression: table.render_to_string()
---
  Example title:
╭───┬───┬───╮
│ a │ b │ c │
╰───┴───┴───╯
