---
source: plinky_diagnostics/src/diagnostic.rs
expression: diagnostic.to_string()
---
warning: something bad might happen
