---
source: plinky_diagnostics/src/widgets/hex_dump.rs
expression: "HexDump::new(b\"Hello world\").render_to_string()"
---
╭──────────────────────────────────┬─────────────╮
│ 48 65 6c 6c 6f 20 77 6f 72 6c 64 │ Hello world │
╰──────────────────────────────────┴─────────────╯
