---
source: plinky_diagnostics/src/table.rs
expression: table.render()
---
╭───────┬────────────┬────────╮
│ Foo   │ Bar        │ Baz    │
├───────┼────────────┼────────┤
│ Hello │ super long │ world! │
├───────┼────────────┼────────┤
│ 98%   │            │ -      │
╰───────┴────────────┴────────╯

