---
source: plinky/linktest/harness/main.rs
---
linking exited with exit status: 1

no stdout present

=== stderr ===
debug print: loaded object
 │
 │  env: ElfEnvironment {
 │      class: Elf64,
 │      endian: Little,
 │      abi: SystemV,
 │      machine: X86_64,
 │  }
 │
 │  section .text(section#1) in hello.o
 │   │
 │   │  ╭────┬───╮
 │   │  │ 90 │ . │
 │   │  ╰────┴───╯
 │   ┴
 │
 │    Symbols:
 │  ╭──────────────┬──────────┬────────────┬────────────────────────╮
 │  │ Name         │ Source   │ Visibility │ Value                  │
 │  ├──────────────┼──────────┼────────────┼────────────────────────┤
 │  │              │ hello.o  │ local      │ <undefined>            │
 │  ├──────────────┼──────────┼────────────┼────────────────────────┤
 │  │              │ hello.o  │ local      │ .text(section#1) + 0x0 │
 │  ├──────────────┼──────────┼────────────┼────────────────────────┤
 │  │ _start       │ <plinky> │ global     │ <undefined>            │
 │  ├──────────────┼──────────┼────────────┼────────────────────────┤
 │  │ custom_entry │ hello.o  │ global     │ .text(section#1) + 0x0 │
 │  ╰──────────────┴──────────┴────────────┴────────────────────────╯
 ┴

error: failed to find the entry point of the executable
caused by: symbol _start is undefined


