---
source: plinky_test_harness/src/utils.rs
---
linking exited with exit status: 0

no stdout present

=== stderr ===
debug print: calculated layout
 │
 │    Layout:
 │  ╭────────────────────┬─────────────┬─────────────┬────────────────┬───────────────╮
 │  │ Part               │ File offset │ File length │ Memory address │ Memory length │
 │  ├────────────────────┼─────────────┼─────────────┼────────────────┼───────────────┤
 │  │ <elf header>       │ 0x0         │ 0x40        │ -              │ -             │
 │  │ <program header>   │ 0x40        │ 0x118       │ -              │ -             │
 │  │ <section header>   │ 0x158       │ 0x200       │ -              │ -             │
 │  │ .shstrtab          │ 0x358       │ 0x4b        │ -              │ -             │
 │  │ .comment           │ 0x3a3       │ 0xf         │ -              │ -             │
 │  │ .strtab            │ 0x3b2       │ 0x9         │ -              │ -             │
 │  │ .symtab            │ 0x3bb       │ 0x30        │ -              │ -             │
 │  │ <padding>          │ 0x3eb       │ 0xc15       │ -              │ -             │
 │  │ .text.foo#0        │ 0x1000      │ 0x1         │ 0x400000       │ 0x1           │
 │  │ <padding>          │ 0x1001      │ 0xfff       │ -              │ -             │
 │  │ .text.foo#1        │ 0x2000      │ 0x1         │ 0x401000       │ 0x1           │
 │  │ <padding>          │ 0x2001      │ 0x7         │ -              │ -             │
 │  │ .note.gnu.property │ 0x2008      │ 0x30        │ 0x401008       │ 0x30          │
 │  ╰────────────────────┴─────────────┴─────────────┴────────────────┴───────────────╯
 │
 │    Segments:
 │  ╭──────────┬────────┬──────────────┬───────┬────────────────────╮
 │  │ Start    │ Align  │ Type         │ Perms │ Content            │
 │  ├──────────┼────────┼──────────────┼───────┼────────────────────┤
 │  │ 0x400000 │ 0x1000 │ program      │ RX    │ .text.foo#0        │
 │  │ 0x401000 │ 0x1000 │ program      │ RWX   │ .text.foo#1        │
 │  │ -        │ 0x1    │ GNU stack    │ RW    │                    │
 │  │ 0x401008 │ 0x8    │ GNU property │ R     │ .note.gnu.property │
 │  │ 0x401008 │ 0x8    │ notes        │ R     │ .note.gnu.property │
 │  ╰──────────┴────────┴──────────────┴───────┴────────────────────╯
 ┴
