---
source: plinky_test_harness/src/utils.rs
---
linking exited with exit status: 0

no stdout present

no stderr present

==============

running exited with exit status: 0

=== stdout ===
Hello world

no stderr present
