---
source: plinky_test_harness/src/utils.rs
---
linking exited with exit status: 0

no stdout present

=== stderr ===
debug print: loaded object
 │
 │  class: Elf64, endian: Little, abi: SystemV, machine: X86_64
 │
 │  section .comment (no perms) in <plinky>
 │   │
 │   │  zero-terminated strings should be deduplicated
 │   │
 │   │  ╭──────────────────────────────────────────────┬─────────────────╮
 │   │  │ 4c 69 6e 6b 65 72 3a 20 70 6c 69 6e 6b 79 00 │ Linker: plinky. │
 │   │  ╰──────────────────────────────────────────────┴─────────────────╯
 │   ┴
 │
 │  section .data#0 (perms: rw) in hello.o inside archive archived.a
 │   │
 │   │  ╭────────────────────────────────────────┬───────────────╮
 │   │  │ 48 65 6c 6c 6f 20 77 6f 72 6c 64 21 0a │ Hello world!. │
 │   │  ╰────────────────────────────────────────┴───────────────╯
 │   ┴
 │
 │  section names section .shstrtab in <plinky>
 │   │
 │   │  section names
 │   ┴
 │
 │  string table section .strtab in <plinky>
 │   │
 │   │  symbol names for: symbol table
 │   ┴
 │
 │  symbols table section .symtab in <plinky>
 │   │
 │   │  view: symbol table
 │   │  strings: .strtab
 │   ┴
 │
 │  section .text#0 (perms: rx) in entry.o
 │   │
 │   │  ╭─────────────────────────────────────────────────┬──────────────────╮
 │   │  │ b8 04 00 00 00 bb 01 00 00 00 b9 00 00 00 00 ba │ ................ │
 │   │  │ 00 00 00 00 cd 80 b0 01 bb 00 00 00 00 cd 80    │ ...............  │
 │   │  ╰─────────────────────────────────────────────────┴──────────────────╯
 │   │
 │   │    Relocations:
 │   │  ╭────────────┬───────────┬────────┬────────╮
 │   │  │ Type       │ Symbol    │ Offset │ Addend │
 │   │  ├────────────┼───────────┼────────┼────────┤
 │   │  │ Absolute32 │ hello     │ 0xb    │ 0x0    │
 │   │  ├────────────┼───────────┼────────┼────────┤
 │   │  │ Absolute32 │ hello_len │ 0x10   │ 0x0    │
 │   │  ╰────────────┴───────────┴────────┴────────╯
 │   ┴
 │
 │    Symbols:
 │  ╭───────────┬──────┬───────────────────────────────────┬────────────┬───────────────╮
 │  │ Name      │ Type │ Source                            │ Visibility │ Value         │
 │  ├───────────┼──────┼───────────────────────────────────┼────────────┼───────────────┤
 │  │ <empty>   │ none │ <plinky>                          │ local      │ <null>        │
 │  ├───────────┼──────┼───────────────────────────────────┼────────────┼───────────────┤
 │  │ _start    │ none │ entry.o                           │ global     │ .text#0 + 0x0 │
 │  ├───────────┼──────┼───────────────────────────────────┼────────────┼───────────────┤
 │  │ hello     │ none │ hello.o inside archive archived.a │ global     │ .data#0 + 0x0 │
 │  ├───────────┼──────┼───────────────────────────────────┼────────────┼───────────────┤
 │  │ hello_len │ none │ hello.o inside archive archived.a │ global     │ 0xd           │
 │  ╰───────────┴──────┴───────────────────────────────────┴────────────┴───────────────╯
 │
 │  inputs
 │   │
 │   │    entry.o
 │   │  ╭─────────────────────┬─────╮
 │   │  │ X86 ISA used        │     │
 │   │  ├─────────────────────┼─────┤
 │   │  │ x86 features 2 used │ x86 │
 │   │  ╰─────────────────────┴─────╯
 │   │
 │   │    hello.o inside archive archived.a
 │   │  ╭─────────────────────┬─────╮
 │   │  │ X86 ISA used        │     │
 │   │  ├─────────────────────┼─────┤
 │   │  │ x86 features 2 used │ x86 │
 │   │  ╰─────────────────────┴─────╯
 │   ┴
 ┴

==============

running exited with exit status: 0

=== stdout ===
Hello world!

no stderr present
