---
source: plinky_test_harness/src/utils.rs
---
linking exited with exit status: 1

no stdout present

=== stderr ===
error: failed to include the ELF file duplicate_features2_used.o
caused by: GNU property provided multiple times in the same object
