---
source: plinky_test_harness/src/utils.rs
---
linking exited with exit status: 0

no stdout present

=== stderr ===
debug print: loaded object
 │
 │  section .text (perms: rx) in entry.o
 │   │
 │   │  ╭─────────────────────────────────────────────────┬──────────────────╮
 │   │  │ 55 89 e5 53 83 ec 04 e8 fc ff ff ff 05 01 00 00 │ U..S............ │
 │   │  │ 00 89 c3 e8 fc ff ff ff 90 8b 5d fc c9 c3       │ ..........]...   │
 │   │  ╰─────────────────────────────────────────────────┴──────────────────╯
 │   │
 │   │    Relocations:
 │   │  ╭───────────────────────┬───────────────────────┬────────┬──────────╮
 │   │  │ Type                  │ Symbol                │ Offset │ Addend   │
 │   │  ├───────────────────────┼───────────────────────┼────────┼──────────┤
 │   │  │ Relative32            │ __x86.get_pc_thunk.ax │ 0x8    │ <inline> │
 │   │  ├───────────────────────┼───────────────────────┼────────┼──────────┤
 │   │  │ GOTLocationRelative32 │ _GLOBAL_OFFSET_TABLE_ │ 0xd    │ <inline> │
 │   │  ├───────────────────────┼───────────────────────┼────────┼──────────┤
 │   │  │ PLT32                 │ impl                  │ 0x14   │ <inline> │
 │   │  ╰───────────────────────┴───────────────────────┴────────┴──────────╯
 │   ┴
 │
 │    Symbols:
 │  ╭───────────────────────────────────────┬──────────┬────────────┬─────────────────┬───────────────────────────────────╮
 │  │ Name                                  │ Type     │ Source     │ Visibility      │ Value                             │
 │  ├───────────────────────────────────────┼──────────┼────────────┼─────────────────┼───────────────────────────────────┤
 │  │ <empty>                               │ none     │ <plinky>   │ local           │ <null>                            │
 │  ├───────────────────────────────────────┼──────────┼────────────┼─────────────────┼───────────────────────────────────┤
 │  │ <section .text>                       │ section  │ entry.o    │ local           │ .text + 0x0                       │
 │  ├───────────────────────────────────────┼──────────┼────────────┼─────────────────┼───────────────────────────────────┤
 │  │ <section .text.__x86.get_pc_thunk.ax> │ section  │ entry.o    │ local           │ .text.__x86.get_pc_thunk.ax + 0x0 │
 │  ├───────────────────────────────────────┼──────────┼────────────┼─────────────────┼───────────────────────────────────┤
 │  │ _GLOBAL_OFFSET_TABLE_                 │ none     │ entry.o    │ global          │ <undefined>                       │
 │  ├───────────────────────────────────────┼──────────┼────────────┼─────────────────┼───────────────────────────────────┤
 │  │ __x86.get_pc_thunk.ax                 │ function │ entry.o    │ global (hidden) │ .text.__x86.get_pc_thunk.ax + 0x0 │
 │  ├───────────────────────────────────────┼──────────┼────────────┼─────────────────┼───────────────────────────────────┤
 │  │ _start                                │ function │ entry.o    │ global          │ .text + 0x0                       │
 │  ├───────────────────────────────────────┼──────────┼────────────┼─────────────────┼───────────────────────────────────┤
 │  │ impl                                  │ none     │ libimpl.so │ global          │ <externally defined>              │
 │  ╰───────────────────────────────────────┴──────────┴────────────┴─────────────────┴───────────────────────────────────╯
 │
 │  inputs
 │   │
 │   │    entry.o
 │   │  ╭─────────────────────┬─────╮
 │   │  │ X86 ISA used        │     │
 │   │  ├─────────────────────┼─────┤
 │   │  │ x86 features 2 used │ x86 │
 │   │  ╰─────────────────────┴─────╯
 │   │
 │   │  libimpl.so (shared object)
 │   ┴
 ┴

debug print: built elf
 │
 │  section .dynstr (address: 0x174)
 │   │
 │   │    Strings table:
 │   │  ╭─────┬────────────╮
 │   │  │ 0x0 │            │
 │   │  ├─────┼────────────┤
 │   │  │ 0x1 │ libimpl.so │
 │   │  ├─────┼────────────┤
 │   │  │ 0xc │            │
 │   │  ├─────┼────────────┤
 │   │  │ 0xd │ impl       │
 │   │  ╰─────┴────────────╯
 │   ┴
 │
 │  section .dynsym (address: 0x186)
 │   │
 │   │    Dynamic symbol table:
 │   │  ╭───────────┬─────────┬──────┬────────────┬────────────┬───────┬──────╮
 │   │  │ Name      │ Binding │ Type │ Visibility │ Definition │ Value │ Size │
 │   │  ├───────────┼─────────┼──────┼────────────┼────────────┼───────┼──────┤
 │   │  │ <empty>#1 │ Local   │ -    │ Default    │ Undefined  │ 0x0   │ 0x0  │
 │   │  ├───────────┼─────────┼──────┼────────────┼────────────┼───────┼──────┤
 │   │  │ impl#1    │ Global  │ -    │ Default    │ Undefined  │ 0x0   │ 0x0  │
 │   │  ╰───────────┴─────────┴──────┴────────────┴────────────┴───────┴──────╯
 │   ┴
 │
 │  section .dynamic (address: 0x1001c2)
 │   │
 │   │  dynamic information | string table: .dynstr
 │   │
 │   │  ╭─────────────────────────┬──────────────────────────────╮
 │   │  │ Kind                    │ Value                        │
 │   │  ├─────────────────────────┼──────────────────────────────┤
 │   │  │ Needed libraries        │ offset 1 in the string table │
 │   │  ├─────────────────────────┼──────────────────────────────┤
 │   │  │ String table            │ address 0x174                │
 │   │  ├─────────────────────────┼──────────────────────────────┤
 │   │  │ String table size       │ 18 bytes                     │
 │   │  ├─────────────────────────┼──────────────────────────────┤
 │   │  │ Symbol table            │ address 0x186                │
 │   │  ├─────────────────────────┼──────────────────────────────┤
 │   │  │ Symbol table entry size │ 16 bytes                     │
 │   │  ├─────────────────────────┼──────────────────────────────┤
 │   │  │ Hash table              │ address 0x1a6                │
 │   │  ├─────────────────────────┼──────────────────────────────┤
 │   │  │ Jump PLT relocations    │ address 0x100222             │
 │   │  ├─────────────────────────┼──────────────────────────────┤
 │   │  │ PLT relocations size    │ 8 bytes                      │
 │   │  ├─────────────────────────┼──────────────────────────────┤
 │   │  │ PLT relocations type    │ Relocations                  │
 │   │  ├─────────────────────────┼──────────────────────────────┤
 │   │  │ PLT GOT                 │ address 0x103000             │
 │   │  ├─────────────────────────┼──────────────────────────────┤
 │   │  │ Flags1                  │ pie                          │
 │   │  ├─────────────────────────┼──────────────────────────────┤
 │   │  │ Null                    │ -                            │
 │   │  ╰─────────────────────────┴──────────────────────────────╯
 │   ┴
 ┴

==============

running exited with exit status: 0

no stdout present

no stderr present
