---
source: plinky_test_harness/src/utils.rs
---
linking exited with exit status: 0

no stdout present

=== stderr ===
debug print: calculated layout
 │
 │    Layout:
 │  ╭─────────────────────────────┬─────────────┬─────────────┬────────────────┬───────────────╮
 │  │ Part                        │ File offset │ File length │ Memory address │ Memory length │
 │  ├─────────────────────────────┼─────────────┼─────────────┼────────────────┼───────────────┤
 │  │ <elf header>                │ 0x0         │ 0x34        │ 0x0            │ 0x34          │
 │  ├─────────────────────────────┼─────────────┼─────────────┼────────────────┼───────────────┤
 │  │ <program header>            │ 0x34        │ 0x120       │ 0x34           │ 0x120         │
 │  ├─────────────────────────────┼─────────────┼─────────────┼────────────────┼───────────────┤
 │  │ .dynstr                     │ 0x154       │ 0xd         │ 0x154          │ 0xd           │
 │  ├─────────────────────────────┼─────────────┼─────────────┼────────────────┼───────────────┤
 │  │ .dynsym                     │ 0x161       │ 0x30        │ 0x161          │ 0x30          │
 │  ├─────────────────────────────┼─────────────┼─────────────┼────────────────┼───────────────┤
 │  │ .hash                       │ 0x191       │ 0x18        │ 0x191          │ 0x18          │
 │  ├─────────────────────────────┼─────────────┼─────────────┼────────────────┼───────────────┤
 │  │ .dynamic                    │ 0x1a9       │ 0x60        │ 0x1a9          │ 0x60          │
 │  ├─────────────────────────────┼─────────────┼─────────────┼────────────────┼───────────────┤
 │  │ .rel.plt                    │ 0x209       │ 0x10        │ 0x209          │ 0x10          │
 │  ├─────────────────────────────┼─────────────┼─────────────┼────────────────┼───────────────┤
 │  │ .interp                     │ 0x219       │ 0x55        │ 0x219          │ 0x55          │
 │  ├─────────────────────────────┼─────────────┼─────────────┼────────────────┼───────────────┤
 │  │ <section header>            │ 0x26e       │ 0x2f8       │ -              │ -             │
 │  ├─────────────────────────────┼─────────────┼─────────────┼────────────────┼───────────────┤
 │  │ .shstrtab                   │ 0x566       │ 0xa1        │ -              │ -             │
 │  ├─────────────────────────────┼─────────────┼─────────────┼────────────────┼───────────────┤
 │  │ .strtab                     │ 0x607       │ 0x51        │ -              │ -             │
 │  ├─────────────────────────────┼─────────────┼─────────────┼────────────────┼───────────────┤
 │  │ .symtab                     │ 0x658       │ 0x80        │ -              │ -             │
 │  ├─────────────────────────────┼─────────────┼─────────────┼────────────────┼───────────────┤
 │  │ .comment#0                  │ 0x6d8       │ 0x22        │ -              │ -             │
 │  ├─────────────────────────────┼─────────────┼─────────────┼────────────────┼───────────────┤
 │  │ <padding>                   │ 0x6fa       │ 0x906       │ -              │ -             │
 │  ├─────────────────────────────┼─────────────┼─────────────┼────────────────┼───────────────┤
 │  │ .rodata                     │ 0x1000      │ 0xd         │ 0x1000         │ 0xd           │
 │  ├─────────────────────────────┼─────────────┼─────────────┼────────────────┼───────────────┤
 │  │ .eh_frame                   │ 0x100d      │ 0x48        │ 0x100d         │ 0x48          │
 │  ├─────────────────────────────┼─────────────┼─────────────┼────────────────┼───────────────┤
 │  │ <padding>                   │ 0x1055      │ 0xfab       │ -              │ -             │
 │  ├─────────────────────────────┼─────────────┼─────────────┼────────────────┼───────────────┤
 │  │ .text#0                     │ 0x2000      │ 0x32        │ 0x2000         │ 0x32          │
 │  ├─────────────────────────────┼─────────────┼─────────────┼────────────────┼───────────────┤
 │  │ .text.__x86.get_pc_thunk.bx │ 0x2032      │ 0x4         │ 0x2032         │ 0x4           │
 │  ├─────────────────────────────┼─────────────┼─────────────┼────────────────┼───────────────┤
 │  │ .text#1                     │ 0x2036      │ 0x25        │ 0x2036         │ 0x25          │
 │  ├─────────────────────────────┼─────────────┼─────────────┼────────────────┼───────────────┤
 │  │ .plt                        │ 0x205b      │ 0x30        │ 0x205b         │ 0x30          │
 │  ├─────────────────────────────┼─────────────┼─────────────┼────────────────┼───────────────┤
 │  │ <padding>                   │ 0x208b      │ 0xf75       │ -              │ -             │
 │  ├─────────────────────────────┼─────────────┼─────────────┼────────────────┼───────────────┤
 │  │ .got                        │ 0x3000      │ 0x0         │ 0x3000         │ 0x0           │
 │  ├─────────────────────────────┼─────────────┼─────────────┼────────────────┼───────────────┤
 │  │ .got.plt                    │ 0x3000      │ 0x14        │ 0x3000         │ 0x14          │
 │  ╰─────────────────────────────┴─────────────┴─────────────┴────────────────┴───────────────╯
 │
 │    Segments:
 │  ╭────────┬────────┬────────────────┬───────┬─────────────────────────────╮
 │  │ Start  │ Align  │ Type           │ Perms │ Content                     │
 │  ├────────┼────────┼────────────────┼───────┼─────────────────────────────┤
 │  │ 0x34   │ 0x1000 │ program header │ R     │ <program header>            │
 │  ├────────┼────────┼────────────────┼───────┼─────────────────────────────┤
 │  │ 0x219  │ 0x1    │ interpreter    │ R     │ .interp                     │
 │  ├────────┼────────┼────────────────┼───────┼─────────────────────────────┤
 │  │ 0x0    │ 0x1000 │ program        │ R     │ <elf header>                │
 │  │        │        │                │       │ <program header>            │
 │  │        │        │                │       │ .dynstr                     │
 │  │        │        │                │       │ .dynsym                     │
 │  │        │        │                │       │ .hash                       │
 │  │        │        │                │       │ .dynamic                    │
 │  │        │        │                │       │ .rel.plt                    │
 │  │        │        │                │       │ .interp                     │
 │  ├────────┼────────┼────────────────┼───────┼─────────────────────────────┤
 │  │ 0x1000 │ 0x1000 │ program        │ R     │ .rodata                     │
 │  │        │        │                │       │ .eh_frame                   │
 │  ├────────┼────────┼────────────────┼───────┼─────────────────────────────┤
 │  │ 0x2000 │ 0x1000 │ program        │ RX    │ .text#0                     │
 │  │        │        │                │       │ .text.__x86.get_pc_thunk.bx │
 │  │        │        │                │       │ .text#1                     │
 │  │        │        │                │       │ .plt                        │
 │  ├────────┼────────┼────────────────┼───────┼─────────────────────────────┤
 │  │ 0x3000 │ 0x1000 │ program        │ RW    │ .got                        │
 │  │        │        │                │       │ .got.plt                    │
 │  ├────────┼────────┼────────────────┼───────┼─────────────────────────────┤
 │  │ 0x1a9  │ 0x4    │ dynamic        │ R     │ .dynamic                    │
 │  ├────────┼────────┼────────────────┼───────┼─────────────────────────────┤
 │  │ -      │ 0x1    │ GNU stack      │ RW    │                             │
 │  ├────────┼────────┼────────────────┼───────┼─────────────────────────────┤
 │  │ 0x3000 │ 0x1    │ GNU relro      │ R     │ .got.plt                    │
 │  ╰────────┴────────┴────────────────┴───────┴─────────────────────────────╯
 │
 │    deduplication facade .comment#1 in hello.o
 │  ╭──────┬──────────────────╮
 │  │ From │ To               │
 │  ├──────┼──────────────────┤
 │  │ 0x0  │ .comment#0 + 0x0 │
 │  ├──────┼──────────────────┤
 │  │ 0x1  │ .comment#0 + 0x1 │
 │  ╰──────┴──────────────────╯
 │
 │    deduplication facade .comment#2 in <plinky>
 │  ╭──────┬───────────────────╮
 │  │ From │ To                │
 │  ├──────┼───────────────────┤
 │  │ 0x0  │ .comment#0 + 0x13 │
 │  ╰──────┴───────────────────╯
 ┴

debug print: built elf
 │
 │  section .dynamic (address: 0x1a9)
 │   │
 │   │  dynamic information | string table: .dynstr
 │   │
 │   │  ╭─────────────────────────┬────────────────╮
 │   │  │ Kind                    │ Value          │
 │   │  ├─────────────────────────┼────────────────┤
 │   │  │ String table            │ address 0x154  │
 │   │  ├─────────────────────────┼────────────────┤
 │   │  │ String table size       │ 13 bytes       │
 │   │  ├─────────────────────────┼────────────────┤
 │   │  │ Symbol table            │ address 0x161  │
 │   │  ├─────────────────────────┼────────────────┤
 │   │  │ Symbol table entry size │ 16 bytes       │
 │   │  ├─────────────────────────┼────────────────┤
 │   │  │ Hash table              │ address 0x191  │
 │   │  ├─────────────────────────┼────────────────┤
 │   │  │ Jump PLT relocations    │ address 0x209  │
 │   │  ├─────────────────────────┼────────────────┤
 │   │  │ PLT relocations size    │ 16 bytes       │
 │   │  ├─────────────────────────┼────────────────┤
 │   │  │ PLT relocations type    │ Relocations    │
 │   │  ├─────────────────────────┼────────────────┤
 │   │  │ PLT GOT                 │ address 0x3000 │
 │   │  ├─────────────────────────┼────────────────┤
 │   │  │ Flags                   │ bind_now       │
 │   │  ├─────────────────────────┼────────────────┤
 │   │  │ Flags1                  │ pie            │
 │   │  ├─────────────────────────┼────────────────┤
 │   │  │ Null                    │ -              │
 │   │  ╰─────────────────────────┴────────────────╯
 │   ┴
 │
 │    Segments:
 │  ╭───────────────────────────┬───────┬──────────┬─────────────┬──────────┬────────────────┬────────────╮
 │  │ Type                      │ Perms │ Aligment │ File offset │ File len │ Memory address │ Memory len │
 │  ├───────────────────────────┼───────┼──────────┼─────────────┼──────────┼────────────────┼────────────┤
 │  │ Program header table      │ R     │ 0x1000   │ 0x34        │ 0x120    │ 0x34           │ 0x120      │
 │  ├───────────────────────────┼───────┼──────────┼─────────────┼──────────┼────────────────┼────────────┤
 │  │ Interpreter               │ R     │ 0x1      │ 0x219       │ 0x55     │ 0x219          │ 0x55       │
 │  ├───────────────────────────┼───────┼──────────┼─────────────┼──────────┼────────────────┼────────────┤
 │  │ Load                      │ R     │ 0x1000   │ 0x0         │ 0x26e    │ 0x0            │ 0x26e      │
 │  ├───────────────────────────┼───────┼──────────┼─────────────┼──────────┼────────────────┼────────────┤
 │  │ Load                      │ R     │ 0x1000   │ 0x1000      │ 0x55     │ 0x1000         │ 0x55       │
 │  ├───────────────────────────┼───────┼──────────┼─────────────┼──────────┼────────────────┼────────────┤
 │  │ Load                      │ R X   │ 0x1000   │ 0x2000      │ 0x8b     │ 0x2000         │ 0x8b       │
 │  ├───────────────────────────┼───────┼──────────┼─────────────┼──────────┼────────────────┼────────────┤
 │  │ Load                      │ RW    │ 0x1000   │ 0x3000      │ 0x14     │ 0x3000         │ 0x14       │
 │  ├───────────────────────────┼───────┼──────────┼─────────────┼──────────┼────────────────┼────────────┤
 │  │ Dynamic                   │ R     │ 0x4      │ 0x1a9       │ 0x60     │ 0x1a9          │ 0x60       │
 │  ├───────────────────────────┼───────┼──────────┼─────────────┼──────────┼────────────────┼────────────┤
 │  │ GNU stack                 │ RW    │ 0x1      │ 0x0         │ 0x0      │ 0x0            │ 0x0        │
 │  ├───────────────────────────┼───────┼──────────┼─────────────┼──────────┼────────────────┼────────────┤
 │  │ GNU relocations read-only │ R     │ 0x1      │ 0x3000      │ 0x14     │ 0x3000         │ 0x14       │
 │  ╰───────────────────────────┴───────┴──────────┴─────────────┴──────────┴────────────────┴────────────╯
 ┴

==============

running exited with exit status: 0

=== stdout ===
Hello world

no stderr present
