---
source: plinky_test_harness/src/utils.rs
---
linking exited with exit status: 0

no stdout present

=== stderr ===
debug print: built elf
 │
 │    Metadata:
 │  ╭────────────┬────────────╮
 │  │ Class      │ ELF 32bit  │
 │  │ Endian     │ Little     │
 │  │ ABI        │ System V   │
 │  │ Machine    │ x86        │
 │  │ Type       │ Executable │
 │  │ Entrypoint │ 0x400000   │
 │  ╰────────────┴────────────╯
 ┴

==============

running exited with exit status: 0

=== stdout ===
Hello world!

no stderr present
