---
source: plink/linktest/harness/main.rs
---
linking exited with exit status: 1

no stdout present

=== stderr ===
error: failed to read ELF file at test.o
caused by: flag SHF_STRINGS is only expected in sections with SHF_MERGE or in string tables


