---
source: plink/linktest/harness/main.rs
---
linking exited with exit status: 1

no stdout present

=== stderr ===
error: failed to find the entry point of the executable
caused by: symbol _start is not an address


